2025-11-29 12:27:46,428:WARNING:
'cuml' is a soft dependency and not included in the pycaret installation. Please run: `pip install cuml` to install.
2025-11-29 12:27:46,428:WARNING:
'cuml' is a soft dependency and not included in the pycaret installation. Please run: `pip install cuml` to install.
2025-11-29 12:27:46,428:WARNING:
'cuml' is a soft dependency and not included in the pycaret installation. Please run: `pip install cuml` to install.
2025-11-29 12:27:46,432:WARNING:
'cuml' is a soft dependency and not included in the pycaret installation. Please run: `pip install cuml` to install.
2025-11-29 12:35:57,376:INFO:PyCaret ClassificationExperiment
2025-11-29 12:35:57,376:INFO:Logging name: clf-default-name
2025-11-29 12:35:57,376:INFO:ML Usecase: MLUsecase.CLASSIFICATION
2025-11-29 12:35:57,376:INFO:version 3.3.2
2025-11-29 12:35:57,376:INFO:Initializing setup()
2025-11-29 12:35:57,376:INFO:self.USI: 3efd
2025-11-29 12:35:57,376:INFO:self._variable_keys: {'_available_plots', 'USI', 'gpu_param', 'logging_param', 'gpu_n_jobs_param', '_ml_usecase', 'memory', 'exp_name_log', 'idx', 'pipeline', 'data', 'y', 'X', 'y_train', 'exp_id', 'target_param', 'fold_groups_param', 'X_test', 'X_train', 'log_plots_param', 'y_test', 'n_jobs_param', 'fold_shuffle_param', 'fold_generator', 'html_param', 'fix_imbalance', 'is_multiclass', 'seed'}
2025-11-29 12:35:57,376:INFO:Checking environment
2025-11-29 12:35:57,376:INFO:python_version: 3.10.11
2025-11-29 12:35:57,376:INFO:python_build: ('tags/v3.10.11:7d4cc5a', 'Apr  5 2023 00:38:17')
2025-11-29 12:35:57,376:INFO:machine: AMD64
2025-11-29 12:35:57,376:INFO:platform: Windows-10-10.0.26100-SP0
2025-11-29 12:35:57,376:INFO:Memory: svmem(total=8269651968, available=716374016, percent=91.3, used=7553277952, free=716374016)
2025-11-29 12:35:57,379:INFO:Physical Core: 4
2025-11-29 12:35:57,379:INFO:Logical Core: 8
2025-11-29 12:35:57,379:INFO:Checking libraries
2025-11-29 12:35:57,379:INFO:System:
2025-11-29 12:35:57,379:INFO:    python: 3.10.11 (tags/v3.10.11:7d4cc5a, Apr  5 2023, 00:38:17) [MSC v.1929 64 bit (AMD64)]
2025-11-29 12:35:57,379:INFO:executable: c:\Users\juana\AppData\Local\Programs\Python\Python310\python.exe
2025-11-29 12:35:57,379:INFO:   machine: Windows-10-10.0.26100-SP0
2025-11-29 12:35:57,379:INFO:PyCaret required dependencies:
2025-11-29 12:35:57,622:INFO:                 pip: 25.3
2025-11-29 12:35:57,627:INFO:          setuptools: 65.5.0
2025-11-29 12:35:57,627:INFO:             pycaret: 3.3.2
2025-11-29 12:35:57,627:INFO:             IPython: 8.37.0
2025-11-29 12:35:57,627:INFO:          ipywidgets: 8.1.8
2025-11-29 12:35:57,627:INFO:                tqdm: 4.67.1
2025-11-29 12:35:57,627:INFO:               numpy: 1.26.4
2025-11-29 12:35:57,627:INFO:              pandas: 2.1.4
2025-11-29 12:35:57,627:INFO:              jinja2: 3.1.6
2025-11-29 12:35:57,627:INFO:               scipy: 1.11.4
2025-11-29 12:35:57,627:INFO:              joblib: 1.3.2
2025-11-29 12:35:57,627:INFO:             sklearn: 1.4.2
2025-11-29 12:35:57,627:INFO:                pyod: 2.0.5
2025-11-29 12:35:57,627:INFO:            imblearn: 0.14.0
2025-11-29 12:35:57,627:INFO:   category_encoders: 2.7.0
2025-11-29 12:35:57,627:INFO:            lightgbm: 4.6.0
2025-11-29 12:35:57,627:INFO:               numba: 0.62.1
2025-11-29 12:35:57,627:INFO:            requests: 2.32.5
2025-11-29 12:35:57,627:INFO:          matplotlib: 3.7.5
2025-11-29 12:35:57,627:INFO:          scikitplot: 0.3.7
2025-11-29 12:35:57,627:INFO:         yellowbrick: 1.5
2025-11-29 12:35:57,627:INFO:              plotly: 6.4.0
2025-11-29 12:35:57,627:INFO:    plotly-resampler: Not installed
2025-11-29 12:35:57,627:INFO:             kaleido: 1.2.0
2025-11-29 12:35:57,627:INFO:           schemdraw: 0.15
2025-11-29 12:35:57,627:INFO:         statsmodels: 0.14.5
2025-11-29 12:35:57,627:INFO:              sktime: 0.26.0
2025-11-29 12:35:57,627:INFO:               tbats: 1.1.3
2025-11-29 12:35:57,627:INFO:            pmdarima: 2.0.4
2025-11-29 12:35:57,627:INFO:              psutil: 7.1.3
2025-11-29 12:35:57,627:INFO:          markupsafe: 3.0.3
2025-11-29 12:35:57,627:INFO:             pickle5: Not installed
2025-11-29 12:35:57,627:INFO:         cloudpickle: 3.1.2
2025-11-29 12:35:57,627:INFO:         deprecation: 2.1.0
2025-11-29 12:35:57,627:INFO:              xxhash: 3.6.0
2025-11-29 12:35:57,627:INFO:           wurlitzer: Not installed
2025-11-29 12:35:57,627:INFO:PyCaret optional dependencies:
2025-11-29 12:35:57,640:INFO:                shap: 0.49.1
2025-11-29 12:35:57,640:INFO:           interpret: Not installed
2025-11-29 12:35:57,640:INFO:                umap: Not installed
2025-11-29 12:35:57,640:INFO:     ydata_profiling: Not installed
2025-11-29 12:35:57,640:INFO:  explainerdashboard: Not installed
2025-11-29 12:35:57,640:INFO:             autoviz: Not installed
2025-11-29 12:35:57,640:INFO:           fairlearn: Not installed
2025-11-29 12:35:57,640:INFO:          deepchecks: Not installed
2025-11-29 12:35:57,640:INFO:             xgboost: Not installed
2025-11-29 12:35:57,640:INFO:            catboost: Not installed
2025-11-29 12:35:57,640:INFO:              kmodes: Not installed
2025-11-29 12:35:57,640:INFO:             mlxtend: Not installed
2025-11-29 12:35:57,640:INFO:       statsforecast: Not installed
2025-11-29 12:35:57,640:INFO:        tune_sklearn: Not installed
2025-11-29 12:35:57,640:INFO:                 ray: Not installed
2025-11-29 12:35:57,640:INFO:            hyperopt: Not installed
2025-11-29 12:35:57,640:INFO:              optuna: 4.6.0
2025-11-29 12:35:57,640:INFO:               skopt: Not installed
2025-11-29 12:35:57,640:INFO:              mlflow: Not installed
2025-11-29 12:35:57,640:INFO:              gradio: Not installed
2025-11-29 12:35:57,640:INFO:             fastapi: Not installed
2025-11-29 12:35:57,640:INFO:             uvicorn: Not installed
2025-11-29 12:35:57,640:INFO:              m2cgen: Not installed
2025-11-29 12:35:57,642:INFO:           evidently: Not installed
2025-11-29 12:35:57,642:INFO:               fugue: Not installed
2025-11-29 12:35:57,642:INFO:           streamlit: Not installed
2025-11-29 12:35:57,642:INFO:             prophet: Not installed
2025-11-29 12:35:57,642:INFO:None
2025-11-29 12:35:57,642:INFO:Set up data.
2025-11-29 12:35:57,853:INFO:Set up folding strategy.
2025-11-29 12:35:57,853:INFO:Set up train/test split.
2025-11-29 12:35:58,189:INFO:Set up index.
2025-11-29 12:35:58,208:INFO:Assigning column types.
2025-11-29 12:35:58,614:INFO:Engine successfully changes for model 'lr' to 'sklearn'.
2025-11-29 12:35:58,669:INFO:Engine for model 'knn' has not been set explicitly, hence returning None.
2025-11-29 12:35:58,677:INFO:Engine for model 'rbfsvm' has not been set explicitly, hence returning None.
2025-11-29 12:35:58,734:WARNING:
'xgboost' is a soft dependency and not included in the pycaret installation. Please run: `pip install xgboost` to install.
Alternately, you can install this by running `pip install pycaret[models]`
2025-11-29 12:35:58,734:WARNING:
'catboost' is a soft dependency and not included in the pycaret installation. Please run: `pip install catboost` to install.
Alternately, you can install this by running `pip install pycaret[models]`
2025-11-29 12:35:58,801:INFO:Engine for model 'knn' has not been set explicitly, hence returning None.
2025-11-29 12:35:58,803:INFO:Engine for model 'rbfsvm' has not been set explicitly, hence returning None.
2025-11-29 12:35:58,835:WARNING:
'xgboost' is a soft dependency and not included in the pycaret installation. Please run: `pip install xgboost` to install.
Alternately, you can install this by running `pip install pycaret[models]`
2025-11-29 12:35:58,835:WARNING:
'catboost' is a soft dependency and not included in the pycaret installation. Please run: `pip install catboost` to install.
Alternately, you can install this by running `pip install pycaret[models]`
2025-11-29 12:35:58,835:INFO:Engine successfully changes for model 'knn' to 'sklearn'.
2025-11-29 12:35:58,900:INFO:Engine for model 'rbfsvm' has not been set explicitly, hence returning None.
2025-11-29 12:35:58,933:WARNING:
'xgboost' is a soft dependency and not included in the pycaret installation. Please run: `pip install xgboost` to install.
Alternately, you can install this by running `pip install pycaret[models]`
2025-11-29 12:35:58,936:WARNING:
'catboost' is a soft dependency and not included in the pycaret installation. Please run: `pip install catboost` to install.
Alternately, you can install this by running `pip install pycaret[models]`
2025-11-29 12:35:58,988:INFO:Engine for model 'rbfsvm' has not been set explicitly, hence returning None.
2025-11-29 12:35:59,021:WARNING:
'xgboost' is a soft dependency and not included in the pycaret installation. Please run: `pip install xgboost` to install.
Alternately, you can install this by running `pip install pycaret[models]`
2025-11-29 12:35:59,021:WARNING:
'catboost' is a soft dependency and not included in the pycaret installation. Please run: `pip install catboost` to install.
Alternately, you can install this by running `pip install pycaret[models]`
2025-11-29 12:35:59,023:INFO:Engine successfully changes for model 'rbfsvm' to 'sklearn'.
2025-11-29 12:35:59,123:WARNING:
'xgboost' is a soft dependency and not included in the pycaret installation. Please run: `pip install xgboost` to install.
Alternately, you can install this by running `pip install pycaret[models]`
2025-11-29 12:35:59,123:WARNING:
'catboost' is a soft dependency and not included in the pycaret installation. Please run: `pip install catboost` to install.
Alternately, you can install this by running `pip install pycaret[models]`
2025-11-29 12:35:59,221:WARNING:
'xgboost' is a soft dependency and not included in the pycaret installation. Please run: `pip install xgboost` to install.
Alternately, you can install this by running `pip install pycaret[models]`
2025-11-29 12:35:59,221:WARNING:
'catboost' is a soft dependency and not included in the pycaret installation. Please run: `pip install catboost` to install.
Alternately, you can install this by running `pip install pycaret[models]`
2025-11-29 12:35:59,221:INFO:Preparing preprocessing pipeline...
2025-11-29 12:35:59,276:INFO:Set up simple imputation.
2025-11-29 12:35:59,776:INFO:Finished creating preprocessing pipeline.
2025-11-29 12:35:59,810:INFO:Pipeline: Pipeline(memory=FastMemory(location=C:\Users\juana\AppData\Local\Temp\joblib),
         steps=[('numerical_imputer',
                 TransformerWrapper(exclude=None,
                                    include=['MinTemp', 'MaxTemp', 'Rainfall',
                                             'Evaporation', 'Sunshine',
                                             'WindGustSpeed', 'WindSpeed9am',
                                             'WindSpeed3pm', 'Humidity9am',
                                             'Humidity3pm', 'Pressure9am',
                                             'Pressure3pm', 'Cloud9am',
                                             'Cloud3pm', 'Temp9am', 'Temp3pm',
                                             'Ra...
                                    transformer=SimpleImputer(add_indicator=False,
                                                              copy=True,
                                                              fill_value=None,
                                                              keep_empty_features=False,
                                                              missing_values=nan,
                                                              strategy='mean'))),
                ('categorical_imputer',
                 TransformerWrapper(exclude=None, include=[],
                                    transformer=SimpleImputer(add_indicator=False,
                                                              copy=True,
                                                              fill_value=None,
                                                              keep_empty_features=False,
                                                              missing_values=nan,
                                                              strategy='most_frequent')))],
         verbose=False)
2025-11-29 12:35:59,810:INFO:Creating final display dataframe.
2025-11-29 12:36:02,832:INFO:Setup _display_container:                     Description             Value
0                    Session id              7148
1                        Target      RainTomorrow
2                   Target type            Binary
3           Original data shape      (113121, 64)
4        Transformed data shape      (113121, 64)
5   Transformed train set shape       (79184, 64)
6    Transformed test set shape       (33937, 64)
7              Numeric features                63
8                    Preprocess              True
9               Imputation type            simple
10           Numeric imputation              mean
11       Categorical imputation              mode
12               Fold Generator   StratifiedKFold
13                  Fold Number                10
14                     CPU Jobs                -1
15                      Use GPU             False
16               Log Experiment             False
17              Experiment Name  clf-default-name
18                          USI              3efd
2025-11-29 12:36:03,208:WARNING:
'xgboost' is a soft dependency and not included in the pycaret installation. Please run: `pip install xgboost` to install.
Alternately, you can install this by running `pip install pycaret[models]`
2025-11-29 12:36:03,208:WARNING:
'catboost' is a soft dependency and not included in the pycaret installation. Please run: `pip install catboost` to install.
Alternately, you can install this by running `pip install pycaret[models]`
2025-11-29 12:36:03,554:WARNING:
'xgboost' is a soft dependency and not included in the pycaret installation. Please run: `pip install xgboost` to install.
Alternately, you can install this by running `pip install pycaret[models]`
2025-11-29 12:36:03,554:WARNING:
'catboost' is a soft dependency and not included in the pycaret installation. Please run: `pip install catboost` to install.
Alternately, you can install this by running `pip install pycaret[models]`
2025-11-29 12:36:03,560:INFO:setup() successfully completed in 6.2s...............
2025-11-29 12:36:03,619:INFO:Initializing compare_models()
2025-11-29 12:36:03,619:INFO:compare_models(self=<pycaret.classification.oop.ClassificationExperiment object at 0x00000259980B4340>, include=None, fold=None, round=4, cross_validation=True, sort=F1, n_select=1, budget_time=None, turbo=True, errors=ignore, fit_kwargs=None, groups=None, experiment_custom_tags=None, probability_threshold=None, verbose=True, parallel=None, caller_params={'self': <pycaret.classification.oop.ClassificationExperiment object at 0x00000259980B4340>, 'include': None, 'exclude': None, 'fold': None, 'round': 4, 'cross_validation': True, 'sort': 'F1', 'n_select': 1, 'budget_time': None, 'turbo': True, 'errors': 'ignore', 'fit_kwargs': None, 'groups': None, 'experiment_custom_tags': None, 'probability_threshold': None, 'engine': None, 'verbose': True, 'parallel': None, '__class__': <class 'pycaret.classification.oop.ClassificationExperiment'>}, exclude=None)
2025-11-29 12:36:03,621:INFO:Checking exceptions
2025-11-29 12:36:04,389:INFO:Preparing display monitor
2025-11-29 12:36:04,529:INFO:Initializing Logistic Regression
2025-11-29 12:36:04,529:INFO:Total runtime is 1.8858909606933592e-05 minutes
2025-11-29 12:36:04,553:INFO:SubProcess create_model() called ==================================
2025-11-29 12:36:04,555:INFO:Initializing create_model()
2025-11-29 12:36:04,555:INFO:create_model(self=<pycaret.classification.oop.ClassificationExperiment object at 0x00000259980B4340>, estimator=lr, fold=StratifiedKFold(n_splits=10, random_state=None, shuffle=False), round=4, cross_validation=True, predict=True, fit_kwargs={}, groups=None, refit=False, probability_threshold=None, experiment_custom_tags=None, verbose=False, system=False, add_to_model_list=True, metrics=None, display=<pycaret.internal.display.display.CommonDisplay object at 0x00000259980B5BA0>, model_only=True, return_train_score=False, error_score=0.0, kwargs={})
2025-11-29 12:36:04,555:INFO:Checking exceptions
2025-11-29 12:36:04,556:INFO:Importing libraries
2025-11-29 12:36:04,556:INFO:Copying training dataset
2025-11-29 12:36:05,577:INFO:Defining folds
2025-11-29 12:36:05,577:INFO:Declaring metric variables
2025-11-29 12:36:05,603:INFO:Importing untrained model
2025-11-29 12:36:05,618:INFO:Logistic Regression Imported successfully
2025-11-29 12:36:05,653:INFO:Starting cross validation
2025-11-29 12:36:05,658:INFO:Cross validating with StratifiedKFold(n_splits=10, random_state=None, shuffle=False), n_jobs=-1
2025-11-29 12:36:18,802:WARNING:c:\Users\juana\AppData\Local\Programs\Python\Python310\lib\site-packages\_distutils_hack\__init__.py:33: UserWarning: Setuptools is replacing distutils.
  warnings.warn("Setuptools is replacing distutils.")

2025-11-29 12:36:18,898:WARNING:c:\Users\juana\AppData\Local\Programs\Python\Python310\lib\site-packages\_distutils_hack\__init__.py:33: UserWarning: Setuptools is replacing distutils.
  warnings.warn("Setuptools is replacing distutils.")

2025-11-29 12:36:18,911:WARNING:c:\Users\juana\AppData\Local\Programs\Python\Python310\lib\site-packages\_distutils_hack\__init__.py:33: UserWarning: Setuptools is replacing distutils.
  warnings.warn("Setuptools is replacing distutils.")

2025-11-29 12:36:18,928:WARNING:c:\Users\juana\AppData\Local\Programs\Python\Python310\lib\site-packages\_distutils_hack\__init__.py:33: UserWarning: Setuptools is replacing distutils.
  warnings.warn("Setuptools is replacing distutils.")

2025-11-29 12:36:18,930:WARNING:c:\Users\juana\AppData\Local\Programs\Python\Python310\lib\site-packages\_distutils_hack\__init__.py:33: UserWarning: Setuptools is replacing distutils.
  warnings.warn("Setuptools is replacing distutils.")

2025-11-29 12:36:19,528:WARNING:c:\Users\juana\AppData\Local\Programs\Python\Python310\lib\site-packages\_distutils_hack\__init__.py:33: UserWarning: Setuptools is replacing distutils.
  warnings.warn("Setuptools is replacing distutils.")

2025-11-29 12:36:20,075:WARNING:c:\Users\juana\AppData\Local\Programs\Python\Python310\lib\site-packages\_distutils_hack\__init__.py:33: UserWarning: Setuptools is replacing distutils.
  warnings.warn("Setuptools is replacing distutils.")

2025-11-29 12:36:21,317:WARNING:c:\Users\juana\AppData\Local\Programs\Python\Python310\lib\site-packages\_distutils_hack\__init__.py:33: UserWarning: Setuptools is replacing distutils.
  warnings.warn("Setuptools is replacing distutils.")

2025-11-29 12:36:23,490:INFO:Calculating mean and std
2025-11-29 12:36:23,494:INFO:Creating metrics dataframe
2025-11-29 12:36:23,505:INFO:Uploading results into container
2025-11-29 12:36:23,507:INFO:Uploading model into container now
2025-11-29 12:36:23,509:INFO:_master_model_container: 1
2025-11-29 12:36:23,511:INFO:_display_container: 2
2025-11-29 12:36:23,511:INFO:LogisticRegression(C=1.0, class_weight=None, dual=False, fit_intercept=True,
                   intercept_scaling=1, l1_ratio=None, max_iter=1000,
                   multi_class='auto', n_jobs=None, penalty='l2',
                   random_state=7148, solver='lbfgs', tol=0.0001, verbose=0,
                   warm_start=False)
2025-11-29 12:36:23,511:INFO:create_model() successfully completed......................................
2025-11-29 12:36:24,272:INFO:SubProcess create_model() end ==================================
2025-11-29 12:36:24,272:INFO:Creating metrics dataframe
2025-11-29 12:36:24,285:INFO:Initializing K Neighbors Classifier
2025-11-29 12:36:24,285:INFO:Total runtime is 0.32928494612375897 minutes
2025-11-29 12:36:24,291:INFO:SubProcess create_model() called ==================================
2025-11-29 12:36:24,291:INFO:Initializing create_model()
2025-11-29 12:36:24,291:INFO:create_model(self=<pycaret.classification.oop.ClassificationExperiment object at 0x00000259980B4340>, estimator=knn, fold=StratifiedKFold(n_splits=10, random_state=None, shuffle=False), round=4, cross_validation=True, predict=True, fit_kwargs={}, groups=None, refit=False, probability_threshold=None, experiment_custom_tags=None, verbose=False, system=False, add_to_model_list=True, metrics=None, display=<pycaret.internal.display.display.CommonDisplay object at 0x00000259980B5BA0>, model_only=True, return_train_score=False, error_score=0.0, kwargs={})
2025-11-29 12:36:24,293:INFO:Checking exceptions
2025-11-29 12:36:24,293:INFO:Importing libraries
2025-11-29 12:36:24,293:INFO:Copying training dataset
2025-11-29 12:36:24,615:INFO:Defining folds
2025-11-29 12:36:24,615:INFO:Declaring metric variables
2025-11-29 12:36:24,630:INFO:Importing untrained model
2025-11-29 12:36:24,638:INFO:K Neighbors Classifier Imported successfully
2025-11-29 12:36:24,653:INFO:Starting cross validation
2025-11-29 12:36:24,656:INFO:Cross validating with StratifiedKFold(n_splits=10, random_state=None, shuffle=False), n_jobs=-1
2025-11-29 12:37:18,972:INFO:Calculating mean and std
2025-11-29 12:37:18,986:INFO:Creating metrics dataframe
2025-11-29 12:37:18,996:INFO:Uploading results into container
2025-11-29 12:37:18,999:INFO:Uploading model into container now
2025-11-29 12:37:19,003:INFO:_master_model_container: 2
2025-11-29 12:37:19,004:INFO:_display_container: 2
2025-11-29 12:37:19,008:INFO:KNeighborsClassifier(algorithm='auto', leaf_size=30, metric='minkowski',
                     metric_params=None, n_jobs=-1, n_neighbors=5, p=2,
                     weights='uniform')
2025-11-29 12:37:19,009:INFO:create_model() successfully completed......................................
2025-11-29 12:37:19,561:INFO:SubProcess create_model() end ==================================
2025-11-29 12:37:19,562:INFO:Creating metrics dataframe
2025-11-29 12:37:19,577:INFO:Initializing Naive Bayes
2025-11-29 12:37:19,577:INFO:Total runtime is 1.2508176922798158 minutes
2025-11-29 12:37:19,586:INFO:SubProcess create_model() called ==================================
2025-11-29 12:37:19,587:INFO:Initializing create_model()
2025-11-29 12:37:19,587:INFO:create_model(self=<pycaret.classification.oop.ClassificationExperiment object at 0x00000259980B4340>, estimator=nb, fold=StratifiedKFold(n_splits=10, random_state=None, shuffle=False), round=4, cross_validation=True, predict=True, fit_kwargs={}, groups=None, refit=False, probability_threshold=None, experiment_custom_tags=None, verbose=False, system=False, add_to_model_list=True, metrics=None, display=<pycaret.internal.display.display.CommonDisplay object at 0x00000259980B5BA0>, model_only=True, return_train_score=False, error_score=0.0, kwargs={})
2025-11-29 12:37:19,587:INFO:Checking exceptions
2025-11-29 12:37:19,588:INFO:Importing libraries
2025-11-29 12:37:19,588:INFO:Copying training dataset
2025-11-29 12:37:20,116:INFO:Defining folds
2025-11-29 12:37:20,116:INFO:Declaring metric variables
2025-11-29 12:37:20,123:INFO:Importing untrained model
2025-11-29 12:37:20,128:INFO:Naive Bayes Imported successfully
2025-11-29 12:37:20,148:INFO:Starting cross validation
2025-11-29 12:37:20,152:INFO:Cross validating with StratifiedKFold(n_splits=10, random_state=None, shuffle=False), n_jobs=-1
2025-11-29 12:37:23,495:INFO:Calculating mean and std
2025-11-29 12:37:23,501:INFO:Creating metrics dataframe
2025-11-29 12:37:23,508:INFO:Uploading results into container
2025-11-29 12:37:23,510:INFO:Uploading model into container now
2025-11-29 12:37:23,513:INFO:_master_model_container: 3
2025-11-29 12:37:23,513:INFO:_display_container: 2
2025-11-29 12:37:23,514:INFO:GaussianNB(priors=None, var_smoothing=1e-09)
2025-11-29 12:37:23,515:INFO:create_model() successfully completed......................................
2025-11-29 12:37:23,887:INFO:SubProcess create_model() end ==================================
2025-11-29 12:37:23,887:INFO:Creating metrics dataframe
2025-11-29 12:37:23,911:INFO:Initializing Decision Tree Classifier
2025-11-29 12:37:23,911:INFO:Total runtime is 1.3230489412943522 minutes
2025-11-29 12:37:23,919:INFO:SubProcess create_model() called ==================================
2025-11-29 12:37:23,924:INFO:Initializing create_model()
2025-11-29 12:37:23,924:INFO:create_model(self=<pycaret.classification.oop.ClassificationExperiment object at 0x00000259980B4340>, estimator=dt, fold=StratifiedKFold(n_splits=10, random_state=None, shuffle=False), round=4, cross_validation=True, predict=True, fit_kwargs={}, groups=None, refit=False, probability_threshold=None, experiment_custom_tags=None, verbose=False, system=False, add_to_model_list=True, metrics=None, display=<pycaret.internal.display.display.CommonDisplay object at 0x00000259980B5BA0>, model_only=True, return_train_score=False, error_score=0.0, kwargs={})
2025-11-29 12:37:23,926:INFO:Checking exceptions
2025-11-29 12:37:23,926:INFO:Importing libraries
2025-11-29 12:37:23,927:INFO:Copying training dataset
2025-11-29 12:37:24,442:INFO:Defining folds
2025-11-29 12:37:24,444:INFO:Declaring metric variables
2025-11-29 12:37:24,455:INFO:Importing untrained model
2025-11-29 12:37:24,464:INFO:Decision Tree Classifier Imported successfully
2025-11-29 12:37:24,481:INFO:Starting cross validation
2025-11-29 12:37:24,488:INFO:Cross validating with StratifiedKFold(n_splits=10, random_state=None, shuffle=False), n_jobs=-1
2025-11-29 12:37:34,360:INFO:Calculating mean and std
2025-11-29 12:37:34,363:INFO:Creating metrics dataframe
2025-11-29 12:37:34,371:INFO:Uploading results into container
2025-11-29 12:37:34,371:INFO:Uploading model into container now
2025-11-29 12:37:34,373:INFO:_master_model_container: 4
2025-11-29 12:37:34,373:INFO:_display_container: 2
2025-11-29 12:37:34,373:INFO:DecisionTreeClassifier(ccp_alpha=0.0, class_weight=None, criterion='gini',
                       max_depth=None, max_features=None, max_leaf_nodes=None,
                       min_impurity_decrease=0.0, min_samples_leaf=1,
                       min_samples_split=2, min_weight_fraction_leaf=0.0,
                       monotonic_cst=None, random_state=7148, splitter='best')
2025-11-29 12:37:34,373:INFO:create_model() successfully completed......................................
2025-11-29 12:37:34,667:INFO:SubProcess create_model() end ==================================
2025-11-29 12:37:34,670:INFO:Creating metrics dataframe
2025-11-29 12:37:34,677:INFO:Initializing SVM - Linear Kernel
2025-11-29 12:37:34,677:INFO:Total runtime is 1.50248494942983 minutes
2025-11-29 12:37:34,687:INFO:SubProcess create_model() called ==================================
2025-11-29 12:37:34,689:INFO:Initializing create_model()
2025-11-29 12:37:34,689:INFO:create_model(self=<pycaret.classification.oop.ClassificationExperiment object at 0x00000259980B4340>, estimator=svm, fold=StratifiedKFold(n_splits=10, random_state=None, shuffle=False), round=4, cross_validation=True, predict=True, fit_kwargs={}, groups=None, refit=False, probability_threshold=None, experiment_custom_tags=None, verbose=False, system=False, add_to_model_list=True, metrics=None, display=<pycaret.internal.display.display.CommonDisplay object at 0x00000259980B5BA0>, model_only=True, return_train_score=False, error_score=0.0, kwargs={})
2025-11-29 12:37:34,689:INFO:Checking exceptions
2025-11-29 12:37:34,689:INFO:Importing libraries
2025-11-29 12:37:34,689:INFO:Copying training dataset
2025-11-29 12:37:35,064:INFO:Defining folds
2025-11-29 12:37:35,064:INFO:Declaring metric variables
2025-11-29 12:37:35,072:INFO:Importing untrained model
2025-11-29 12:37:35,080:INFO:SVM - Linear Kernel Imported successfully
2025-11-29 12:37:35,087:INFO:Starting cross validation
2025-11-29 12:37:35,095:INFO:Cross validating with StratifiedKFold(n_splits=10, random_state=None, shuffle=False), n_jobs=-1
2025-11-29 12:37:41,452:INFO:Calculating mean and std
2025-11-29 12:37:41,480:INFO:Creating metrics dataframe
2025-11-29 12:37:41,522:INFO:Uploading results into container
2025-11-29 12:37:41,540:INFO:Uploading model into container now
2025-11-29 12:37:41,553:INFO:_master_model_container: 5
2025-11-29 12:37:41,555:INFO:_display_container: 2
2025-11-29 12:37:41,564:INFO:SGDClassifier(alpha=0.0001, average=False, class_weight=None,
              early_stopping=False, epsilon=0.1, eta0=0.001, fit_intercept=True,
              l1_ratio=0.15, learning_rate='optimal', loss='hinge',
              max_iter=1000, n_iter_no_change=5, n_jobs=-1, penalty='l2',
              power_t=0.5, random_state=7148, shuffle=True, tol=0.001,
              validation_fraction=0.1, verbose=0, warm_start=False)
2025-11-29 12:37:41,566:INFO:create_model() successfully completed......................................
2025-11-29 12:37:43,277:INFO:SubProcess create_model() end ==================================
2025-11-29 12:37:43,278:INFO:Creating metrics dataframe
2025-11-29 12:37:43,489:INFO:Initializing Ridge Classifier
2025-11-29 12:37:43,491:INFO:Total runtime is 1.6493766109148662 minutes
2025-11-29 12:37:43,562:INFO:SubProcess create_model() called ==================================
2025-11-29 12:37:43,575:INFO:Initializing create_model()
2025-11-29 12:37:43,576:INFO:create_model(self=<pycaret.classification.oop.ClassificationExperiment object at 0x00000259980B4340>, estimator=ridge, fold=StratifiedKFold(n_splits=10, random_state=None, shuffle=False), round=4, cross_validation=True, predict=True, fit_kwargs={}, groups=None, refit=False, probability_threshold=None, experiment_custom_tags=None, verbose=False, system=False, add_to_model_list=True, metrics=None, display=<pycaret.internal.display.display.CommonDisplay object at 0x00000259980B5BA0>, model_only=True, return_train_score=False, error_score=0.0, kwargs={})
2025-11-29 12:37:43,577:INFO:Checking exceptions
2025-11-29 12:37:43,579:INFO:Importing libraries
2025-11-29 12:37:43,580:INFO:Copying training dataset
2025-11-29 12:37:45,803:INFO:Defining folds
2025-11-29 12:37:45,803:INFO:Declaring metric variables
2025-11-29 12:37:45,816:INFO:Importing untrained model
2025-11-29 12:37:45,824:INFO:Ridge Classifier Imported successfully
2025-11-29 12:37:45,834:INFO:Starting cross validation
2025-11-29 12:37:45,834:INFO:Cross validating with StratifiedKFold(n_splits=10, random_state=None, shuffle=False), n_jobs=-1
2025-11-29 12:37:48,206:INFO:Calculating mean and std
2025-11-29 12:37:48,211:INFO:Creating metrics dataframe
2025-11-29 12:37:48,217:INFO:Uploading results into container
2025-11-29 12:37:48,218:INFO:Uploading model into container now
2025-11-29 12:37:48,220:INFO:_master_model_container: 6
2025-11-29 12:37:48,220:INFO:_display_container: 2
2025-11-29 12:37:48,221:INFO:RidgeClassifier(alpha=1.0, class_weight=None, copy_X=True, fit_intercept=True,
                max_iter=None, positive=False, random_state=7148, solver='auto',
                tol=0.0001)
2025-11-29 12:37:48,222:INFO:create_model() successfully completed......................................
2025-11-29 12:37:48,610:INFO:SubProcess create_model() end ==================================
2025-11-29 12:37:48,610:INFO:Creating metrics dataframe
2025-11-29 12:37:48,639:INFO:Initializing Random Forest Classifier
2025-11-29 12:37:48,641:INFO:Total runtime is 1.7351816137631735 minutes
2025-11-29 12:37:48,650:INFO:SubProcess create_model() called ==================================
2025-11-29 12:37:48,651:INFO:Initializing create_model()
2025-11-29 12:37:48,651:INFO:create_model(self=<pycaret.classification.oop.ClassificationExperiment object at 0x00000259980B4340>, estimator=rf, fold=StratifiedKFold(n_splits=10, random_state=None, shuffle=False), round=4, cross_validation=True, predict=True, fit_kwargs={}, groups=None, refit=False, probability_threshold=None, experiment_custom_tags=None, verbose=False, system=False, add_to_model_list=True, metrics=None, display=<pycaret.internal.display.display.CommonDisplay object at 0x00000259980B5BA0>, model_only=True, return_train_score=False, error_score=0.0, kwargs={})
2025-11-29 12:37:48,652:INFO:Checking exceptions
2025-11-29 12:37:48,652:INFO:Importing libraries
2025-11-29 12:37:48,653:INFO:Copying training dataset
2025-11-29 12:37:49,139:INFO:Defining folds
2025-11-29 12:37:49,139:INFO:Declaring metric variables
2025-11-29 12:37:49,149:INFO:Importing untrained model
2025-11-29 12:37:49,155:INFO:Random Forest Classifier Imported successfully
2025-11-29 12:37:49,170:INFO:Starting cross validation
2025-11-29 12:37:49,170:INFO:Cross validating with StratifiedKFold(n_splits=10, random_state=None, shuffle=False), n_jobs=-1
2025-11-29 12:39:40,276:INFO:Calculating mean and std
2025-11-29 12:39:40,368:INFO:Creating metrics dataframe
2025-11-29 12:39:40,424:INFO:Uploading results into container
2025-11-29 12:39:40,437:INFO:Uploading model into container now
2025-11-29 12:39:40,446:INFO:_master_model_container: 7
2025-11-29 12:39:40,447:INFO:_display_container: 2
2025-11-29 12:39:40,469:INFO:RandomForestClassifier(bootstrap=True, ccp_alpha=0.0, class_weight=None,
                       criterion='gini', max_depth=None, max_features='sqrt',
                       max_leaf_nodes=None, max_samples=None,
                       min_impurity_decrease=0.0, min_samples_leaf=1,
                       min_samples_split=2, min_weight_fraction_leaf=0.0,
                       monotonic_cst=None, n_estimators=100, n_jobs=-1,
                       oob_score=False, random_state=7148, verbose=0,
                       warm_start=False)
2025-11-29 12:39:40,474:INFO:create_model() successfully completed......................................
2025-11-29 12:39:41,925:INFO:SubProcess create_model() end ==================================
2025-11-29 12:39:41,926:INFO:Creating metrics dataframe
2025-11-29 12:39:41,996:INFO:Initializing Quadratic Discriminant Analysis
2025-11-29 12:39:41,996:INFO:Total runtime is 3.624472184975942 minutes
2025-11-29 12:39:42,010:INFO:SubProcess create_model() called ==================================
2025-11-29 12:39:42,011:INFO:Initializing create_model()
2025-11-29 12:39:42,012:INFO:create_model(self=<pycaret.classification.oop.ClassificationExperiment object at 0x00000259980B4340>, estimator=qda, fold=StratifiedKFold(n_splits=10, random_state=None, shuffle=False), round=4, cross_validation=True, predict=True, fit_kwargs={}, groups=None, refit=False, probability_threshold=None, experiment_custom_tags=None, verbose=False, system=False, add_to_model_list=True, metrics=None, display=<pycaret.internal.display.display.CommonDisplay object at 0x00000259980B5BA0>, model_only=True, return_train_score=False, error_score=0.0, kwargs={})
2025-11-29 12:39:42,013:INFO:Checking exceptions
2025-11-29 12:39:42,014:INFO:Importing libraries
2025-11-29 12:39:42,016:INFO:Copying training dataset
2025-11-29 12:39:42,855:INFO:Defining folds
2025-11-29 12:39:42,855:INFO:Declaring metric variables
2025-11-29 12:39:42,881:INFO:Importing untrained model
2025-11-29 12:39:42,898:INFO:Quadratic Discriminant Analysis Imported successfully
2025-11-29 12:39:42,932:INFO:Starting cross validation
2025-11-29 12:39:42,938:INFO:Cross validating with StratifiedKFold(n_splits=10, random_state=None, shuffle=False), n_jobs=-1
2025-11-29 12:39:52,717:INFO:Calculating mean and std
2025-11-29 12:39:52,729:INFO:Creating metrics dataframe
2025-11-29 12:39:52,745:INFO:Uploading results into container
2025-11-29 12:39:52,748:INFO:Uploading model into container now
2025-11-29 12:39:52,752:INFO:_master_model_container: 8
2025-11-29 12:39:52,752:INFO:_display_container: 2
2025-11-29 12:39:52,754:INFO:QuadraticDiscriminantAnalysis(priors=None, reg_param=0.0,
                              store_covariance=False, tol=0.0001)
2025-11-29 12:39:52,754:INFO:create_model() successfully completed......................................
2025-11-29 12:39:53,281:INFO:SubProcess create_model() end ==================================
2025-11-29 12:39:53,281:INFO:Creating metrics dataframe
2025-11-29 12:39:53,320:INFO:Initializing Ada Boost Classifier
2025-11-29 12:39:53,321:INFO:Total runtime is 3.813219439983368 minutes
2025-11-29 12:39:53,335:INFO:SubProcess create_model() called ==================================
2025-11-29 12:39:53,336:INFO:Initializing create_model()
2025-11-29 12:39:53,337:INFO:create_model(self=<pycaret.classification.oop.ClassificationExperiment object at 0x00000259980B4340>, estimator=ada, fold=StratifiedKFold(n_splits=10, random_state=None, shuffle=False), round=4, cross_validation=True, predict=True, fit_kwargs={}, groups=None, refit=False, probability_threshold=None, experiment_custom_tags=None, verbose=False, system=False, add_to_model_list=True, metrics=None, display=<pycaret.internal.display.display.CommonDisplay object at 0x00000259980B5BA0>, model_only=True, return_train_score=False, error_score=0.0, kwargs={})
2025-11-29 12:39:53,337:INFO:Checking exceptions
2025-11-29 12:39:53,338:INFO:Importing libraries
2025-11-29 12:39:53,338:INFO:Copying training dataset
2025-11-29 12:39:54,151:INFO:Defining folds
2025-11-29 12:39:54,153:INFO:Declaring metric variables
2025-11-29 12:39:54,177:INFO:Importing untrained model
2025-11-29 12:39:54,190:INFO:Ada Boost Classifier Imported successfully
2025-11-29 12:39:54,218:INFO:Starting cross validation
2025-11-29 12:39:54,220:INFO:Cross validating with StratifiedKFold(n_splits=10, random_state=None, shuffle=False), n_jobs=-1
2025-11-29 12:39:55,215:WARNING:c:\Users\juana\AppData\Local\Programs\Python\Python310\lib\site-packages\sklearn\ensemble\_weight_boosting.py:519: FutureWarning: The SAMME.R algorithm (the default) is deprecated and will be removed in 1.6. Use the SAMME algorithm to circumvent this warning.
  warnings.warn(

2025-11-29 12:39:55,359:WARNING:c:\Users\juana\AppData\Local\Programs\Python\Python310\lib\site-packages\sklearn\ensemble\_weight_boosting.py:519: FutureWarning: The SAMME.R algorithm (the default) is deprecated and will be removed in 1.6. Use the SAMME algorithm to circumvent this warning.
  warnings.warn(

2025-11-29 12:39:56,039:WARNING:c:\Users\juana\AppData\Local\Programs\Python\Python310\lib\site-packages\sklearn\ensemble\_weight_boosting.py:519: FutureWarning: The SAMME.R algorithm (the default) is deprecated and will be removed in 1.6. Use the SAMME algorithm to circumvent this warning.
  warnings.warn(

2025-11-29 12:39:56,604:WARNING:c:\Users\juana\AppData\Local\Programs\Python\Python310\lib\site-packages\sklearn\ensemble\_weight_boosting.py:519: FutureWarning: The SAMME.R algorithm (the default) is deprecated and will be removed in 1.6. Use the SAMME algorithm to circumvent this warning.
  warnings.warn(

2025-11-29 12:39:56,840:WARNING:c:\Users\juana\AppData\Local\Programs\Python\Python310\lib\site-packages\sklearn\ensemble\_weight_boosting.py:519: FutureWarning: The SAMME.R algorithm (the default) is deprecated and will be removed in 1.6. Use the SAMME algorithm to circumvent this warning.
  warnings.warn(

2025-11-29 12:39:58,087:WARNING:c:\Users\juana\AppData\Local\Programs\Python\Python310\lib\site-packages\sklearn\ensemble\_weight_boosting.py:519: FutureWarning: The SAMME.R algorithm (the default) is deprecated and will be removed in 1.6. Use the SAMME algorithm to circumvent this warning.
  warnings.warn(

2025-11-29 12:39:58,881:WARNING:c:\Users\juana\AppData\Local\Programs\Python\Python310\lib\site-packages\sklearn\ensemble\_weight_boosting.py:519: FutureWarning: The SAMME.R algorithm (the default) is deprecated and will be removed in 1.6. Use the SAMME algorithm to circumvent this warning.
  warnings.warn(

2025-11-29 12:39:59,745:WARNING:c:\Users\juana\AppData\Local\Programs\Python\Python310\lib\site-packages\sklearn\ensemble\_weight_boosting.py:519: FutureWarning: The SAMME.R algorithm (the default) is deprecated and will be removed in 1.6. Use the SAMME algorithm to circumvent this warning.
  warnings.warn(

2025-11-29 12:40:30,572:WARNING:c:\Users\juana\AppData\Local\Programs\Python\Python310\lib\site-packages\sklearn\ensemble\_weight_boosting.py:519: FutureWarning: The SAMME.R algorithm (the default) is deprecated and will be removed in 1.6. Use the SAMME algorithm to circumvent this warning.
  warnings.warn(

2025-11-29 12:40:32,060:WARNING:c:\Users\juana\AppData\Local\Programs\Python\Python310\lib\site-packages\sklearn\ensemble\_weight_boosting.py:519: FutureWarning: The SAMME.R algorithm (the default) is deprecated and will be removed in 1.6. Use the SAMME algorithm to circumvent this warning.
  warnings.warn(

2025-11-29 12:40:47,425:INFO:Calculating mean and std
2025-11-29 12:40:47,432:INFO:Creating metrics dataframe
2025-11-29 12:40:47,445:INFO:Uploading results into container
2025-11-29 12:40:47,447:INFO:Uploading model into container now
2025-11-29 12:40:47,449:INFO:_master_model_container: 9
2025-11-29 12:40:47,450:INFO:_display_container: 2
2025-11-29 12:40:47,451:INFO:AdaBoostClassifier(algorithm='SAMME.R', estimator=None, learning_rate=1.0,
                   n_estimators=50, random_state=7148)
2025-11-29 12:40:47,452:INFO:create_model() successfully completed......................................
2025-11-29 12:40:47,945:INFO:SubProcess create_model() end ==================================
2025-11-29 12:40:47,945:INFO:Creating metrics dataframe
2025-11-29 12:40:47,997:INFO:Initializing Gradient Boosting Classifier
2025-11-29 12:40:47,998:INFO:Total runtime is 4.724497973918915 minutes
2025-11-29 12:40:48,014:INFO:SubProcess create_model() called ==================================
2025-11-29 12:40:48,016:INFO:Initializing create_model()
2025-11-29 12:40:48,016:INFO:create_model(self=<pycaret.classification.oop.ClassificationExperiment object at 0x00000259980B4340>, estimator=gbc, fold=StratifiedKFold(n_splits=10, random_state=None, shuffle=False), round=4, cross_validation=True, predict=True, fit_kwargs={}, groups=None, refit=False, probability_threshold=None, experiment_custom_tags=None, verbose=False, system=False, add_to_model_list=True, metrics=None, display=<pycaret.internal.display.display.CommonDisplay object at 0x00000259980B5BA0>, model_only=True, return_train_score=False, error_score=0.0, kwargs={})
2025-11-29 12:40:48,017:INFO:Checking exceptions
2025-11-29 12:40:48,017:INFO:Importing libraries
2025-11-29 12:40:48,018:INFO:Copying training dataset
2025-11-29 12:40:48,922:INFO:Defining folds
2025-11-29 12:40:48,923:INFO:Declaring metric variables
2025-11-29 12:40:48,941:INFO:Importing untrained model
2025-11-29 12:40:48,963:INFO:Gradient Boosting Classifier Imported successfully
2025-11-29 12:40:48,998:INFO:Starting cross validation
2025-11-29 12:40:49,001:INFO:Cross validating with StratifiedKFold(n_splits=10, random_state=None, shuffle=False), n_jobs=-1
2025-11-29 12:42:59,774:INFO:Calculating mean and std
2025-11-29 12:42:59,809:INFO:Creating metrics dataframe
2025-11-29 12:42:59,855:INFO:Uploading results into container
2025-11-29 12:42:59,858:INFO:Uploading model into container now
2025-11-29 12:42:59,863:INFO:_master_model_container: 10
2025-11-29 12:42:59,863:INFO:_display_container: 2
2025-11-29 12:42:59,871:INFO:GradientBoostingClassifier(ccp_alpha=0.0, criterion='friedman_mse', init=None,
                           learning_rate=0.1, loss='log_loss', max_depth=3,
                           max_features=None, max_leaf_nodes=None,
                           min_impurity_decrease=0.0, min_samples_leaf=1,
                           min_samples_split=2, min_weight_fraction_leaf=0.0,
                           n_estimators=100, n_iter_no_change=None,
                           random_state=7148, subsample=1.0, tol=0.0001,
                           validation_fraction=0.1, verbose=0,
                           warm_start=False)
2025-11-29 12:42:59,872:INFO:create_model() successfully completed......................................
2025-11-29 12:43:01,131:INFO:SubProcess create_model() end ==================================
2025-11-29 12:43:01,132:INFO:Creating metrics dataframe
2025-11-29 12:43:01,178:INFO:Initializing Linear Discriminant Analysis
2025-11-29 12:43:01,180:INFO:Total runtime is 6.944190033276875 minutes
2025-11-29 12:43:01,187:INFO:SubProcess create_model() called ==================================
2025-11-29 12:43:01,187:INFO:Initializing create_model()
2025-11-29 12:43:01,187:INFO:create_model(self=<pycaret.classification.oop.ClassificationExperiment object at 0x00000259980B4340>, estimator=lda, fold=StratifiedKFold(n_splits=10, random_state=None, shuffle=False), round=4, cross_validation=True, predict=True, fit_kwargs={}, groups=None, refit=False, probability_threshold=None, experiment_custom_tags=None, verbose=False, system=False, add_to_model_list=True, metrics=None, display=<pycaret.internal.display.display.CommonDisplay object at 0x00000259980B5BA0>, model_only=True, return_train_score=False, error_score=0.0, kwargs={})
2025-11-29 12:43:01,187:INFO:Checking exceptions
2025-11-29 12:43:01,190:INFO:Importing libraries
2025-11-29 12:43:01,190:INFO:Copying training dataset
2025-11-29 12:43:01,643:INFO:Defining folds
2025-11-29 12:43:01,643:INFO:Declaring metric variables
2025-11-29 12:43:01,649:INFO:Importing untrained model
2025-11-29 12:43:01,653:INFO:Linear Discriminant Analysis Imported successfully
2025-11-29 12:43:01,666:INFO:Starting cross validation
2025-11-29 12:43:01,675:INFO:Cross validating with StratifiedKFold(n_splits=10, random_state=None, shuffle=False), n_jobs=-1
2025-11-29 12:43:06,536:INFO:Calculating mean and std
2025-11-29 12:43:06,542:INFO:Creating metrics dataframe
2025-11-29 12:43:06,547:INFO:Uploading results into container
2025-11-29 12:43:06,549:INFO:Uploading model into container now
2025-11-29 12:43:06,551:INFO:_master_model_container: 11
2025-11-29 12:43:06,551:INFO:_display_container: 2
2025-11-29 12:43:06,553:INFO:LinearDiscriminantAnalysis(covariance_estimator=None, n_components=None,
                           priors=None, shrinkage=None, solver='svd',
                           store_covariance=False, tol=0.0001)
2025-11-29 12:43:06,553:INFO:create_model() successfully completed......................................
2025-11-29 12:43:07,054:INFO:SubProcess create_model() end ==================================
2025-11-29 12:43:07,054:INFO:Creating metrics dataframe
2025-11-29 12:43:07,074:INFO:Initializing Extra Trees Classifier
2025-11-29 12:43:07,076:INFO:Total runtime is 7.04246517419815 minutes
2025-11-29 12:43:07,084:INFO:SubProcess create_model() called ==================================
2025-11-29 12:43:07,084:INFO:Initializing create_model()
2025-11-29 12:43:07,084:INFO:create_model(self=<pycaret.classification.oop.ClassificationExperiment object at 0x00000259980B4340>, estimator=et, fold=StratifiedKFold(n_splits=10, random_state=None, shuffle=False), round=4, cross_validation=True, predict=True, fit_kwargs={}, groups=None, refit=False, probability_threshold=None, experiment_custom_tags=None, verbose=False, system=False, add_to_model_list=True, metrics=None, display=<pycaret.internal.display.display.CommonDisplay object at 0x00000259980B5BA0>, model_only=True, return_train_score=False, error_score=0.0, kwargs={})
2025-11-29 12:43:07,084:INFO:Checking exceptions
2025-11-29 12:43:07,084:INFO:Importing libraries
2025-11-29 12:43:07,084:INFO:Copying training dataset
2025-11-29 12:43:07,439:INFO:Defining folds
2025-11-29 12:43:07,439:INFO:Declaring metric variables
2025-11-29 12:43:07,447:INFO:Importing untrained model
2025-11-29 12:43:07,453:INFO:Extra Trees Classifier Imported successfully
2025-11-29 12:43:07,466:INFO:Starting cross validation
2025-11-29 12:43:07,468:INFO:Cross validating with StratifiedKFold(n_splits=10, random_state=None, shuffle=False), n_jobs=-1
2025-11-29 12:44:24,989:INFO:Calculating mean and std
2025-11-29 12:44:25,108:INFO:Creating metrics dataframe
2025-11-29 12:44:25,245:INFO:Uploading results into container
2025-11-29 12:44:25,266:INFO:Uploading model into container now
2025-11-29 12:44:25,304:INFO:_master_model_container: 12
2025-11-29 12:44:25,305:INFO:_display_container: 2
2025-11-29 12:44:25,324:INFO:ExtraTreesClassifier(bootstrap=False, ccp_alpha=0.0, class_weight=None,
                     criterion='gini', max_depth=None, max_features='sqrt',
                     max_leaf_nodes=None, max_samples=None,
                     min_impurity_decrease=0.0, min_samples_leaf=1,
                     min_samples_split=2, min_weight_fraction_leaf=0.0,
                     monotonic_cst=None, n_estimators=100, n_jobs=-1,
                     oob_score=False, random_state=7148, verbose=0,
                     warm_start=False)
2025-11-29 12:44:25,324:INFO:create_model() successfully completed......................................
2025-11-29 12:44:27,973:INFO:SubProcess create_model() end ==================================
2025-11-29 12:44:27,973:INFO:Creating metrics dataframe
2025-11-29 12:44:28,051:INFO:Initializing Light Gradient Boosting Machine
2025-11-29 12:44:28,051:INFO:Total runtime is 8.392052964369455 minutes
2025-11-29 12:44:28,064:INFO:SubProcess create_model() called ==================================
2025-11-29 12:44:28,065:INFO:Initializing create_model()
2025-11-29 12:44:28,065:INFO:create_model(self=<pycaret.classification.oop.ClassificationExperiment object at 0x00000259980B4340>, estimator=lightgbm, fold=StratifiedKFold(n_splits=10, random_state=None, shuffle=False), round=4, cross_validation=True, predict=True, fit_kwargs={}, groups=None, refit=False, probability_threshold=None, experiment_custom_tags=None, verbose=False, system=False, add_to_model_list=True, metrics=None, display=<pycaret.internal.display.display.CommonDisplay object at 0x00000259980B5BA0>, model_only=True, return_train_score=False, error_score=0.0, kwargs={})
2025-11-29 12:44:28,065:INFO:Checking exceptions
2025-11-29 12:44:28,066:INFO:Importing libraries
2025-11-29 12:44:28,067:INFO:Copying training dataset
2025-11-29 12:44:28,717:INFO:Defining folds
2025-11-29 12:44:28,718:INFO:Declaring metric variables
2025-11-29 12:44:28,738:INFO:Importing untrained model
2025-11-29 12:44:28,752:INFO:Light Gradient Boosting Machine Imported successfully
2025-11-29 12:44:28,778:INFO:Starting cross validation
2025-11-29 12:44:28,783:INFO:Cross validating with StratifiedKFold(n_splits=10, random_state=None, shuffle=False), n_jobs=-1
2025-11-29 12:44:44,201:INFO:Calculating mean and std
2025-11-29 12:44:44,206:INFO:Creating metrics dataframe
2025-11-29 12:44:44,218:INFO:Uploading results into container
2025-11-29 12:44:44,220:INFO:Uploading model into container now
2025-11-29 12:44:44,221:INFO:_master_model_container: 13
2025-11-29 12:44:44,221:INFO:_display_container: 2
2025-11-29 12:44:44,223:INFO:LGBMClassifier(boosting_type='gbdt', class_weight=None, colsample_bytree=1.0,
               importance_type='split', learning_rate=0.1, max_depth=-1,
               min_child_samples=20, min_child_weight=0.001, min_split_gain=0.0,
               n_estimators=100, n_jobs=-1, num_leaves=31, objective=None,
               random_state=7148, reg_alpha=0.0, reg_lambda=0.0, subsample=1.0,
               subsample_for_bin=200000, subsample_freq=0)
2025-11-29 12:44:44,223:INFO:create_model() successfully completed......................................
2025-11-29 12:44:44,632:INFO:SubProcess create_model() end ==================================
2025-11-29 12:44:44,632:INFO:Creating metrics dataframe
2025-11-29 12:44:44,671:INFO:Initializing Dummy Classifier
2025-11-29 12:44:44,671:INFO:Total runtime is 8.669049950440725 minutes
2025-11-29 12:44:44,683:INFO:SubProcess create_model() called ==================================
2025-11-29 12:44:44,684:INFO:Initializing create_model()
2025-11-29 12:44:44,684:INFO:create_model(self=<pycaret.classification.oop.ClassificationExperiment object at 0x00000259980B4340>, estimator=dummy, fold=StratifiedKFold(n_splits=10, random_state=None, shuffle=False), round=4, cross_validation=True, predict=True, fit_kwargs={}, groups=None, refit=False, probability_threshold=None, experiment_custom_tags=None, verbose=False, system=False, add_to_model_list=True, metrics=None, display=<pycaret.internal.display.display.CommonDisplay object at 0x00000259980B5BA0>, model_only=True, return_train_score=False, error_score=0.0, kwargs={})
2025-11-29 12:44:44,685:INFO:Checking exceptions
2025-11-29 12:44:44,685:INFO:Importing libraries
2025-11-29 12:44:44,685:INFO:Copying training dataset
2025-11-29 12:44:45,207:INFO:Defining folds
2025-11-29 12:44:45,208:INFO:Declaring metric variables
2025-11-29 12:44:45,218:INFO:Importing untrained model
2025-11-29 12:44:45,234:INFO:Dummy Classifier Imported successfully
2025-11-29 12:44:45,263:INFO:Starting cross validation
2025-11-29 12:44:45,266:INFO:Cross validating with StratifiedKFold(n_splits=10, random_state=None, shuffle=False), n_jobs=-1
2025-11-29 12:44:46,066:WARNING:c:\Users\juana\AppData\Local\Programs\Python\Python310\lib\site-packages\sklearn\metrics\_classification.py:1509: UndefinedMetricWarning: Precision is ill-defined and being set to 0.0 due to no predicted samples. Use `zero_division` parameter to control this behavior.
  _warn_prf(average, modifier, f"{metric.capitalize()} is", len(result))

2025-11-29 12:44:46,142:WARNING:c:\Users\juana\AppData\Local\Programs\Python\Python310\lib\site-packages\sklearn\metrics\_classification.py:1509: UndefinedMetricWarning: Precision is ill-defined and being set to 0.0 due to no predicted samples. Use `zero_division` parameter to control this behavior.
  _warn_prf(average, modifier, f"{metric.capitalize()} is", len(result))

2025-11-29 12:44:46,260:WARNING:c:\Users\juana\AppData\Local\Programs\Python\Python310\lib\site-packages\sklearn\metrics\_classification.py:1509: UndefinedMetricWarning: Precision is ill-defined and being set to 0.0 due to no predicted samples. Use `zero_division` parameter to control this behavior.
  _warn_prf(average, modifier, f"{metric.capitalize()} is", len(result))

2025-11-29 12:44:46,608:WARNING:c:\Users\juana\AppData\Local\Programs\Python\Python310\lib\site-packages\sklearn\metrics\_classification.py:1509: UndefinedMetricWarning: Precision is ill-defined and being set to 0.0 due to no predicted samples. Use `zero_division` parameter to control this behavior.
  _warn_prf(average, modifier, f"{metric.capitalize()} is", len(result))

2025-11-29 12:44:46,895:WARNING:c:\Users\juana\AppData\Local\Programs\Python\Python310\lib\site-packages\sklearn\metrics\_classification.py:1509: UndefinedMetricWarning: Precision is ill-defined and being set to 0.0 due to no predicted samples. Use `zero_division` parameter to control this behavior.
  _warn_prf(average, modifier, f"{metric.capitalize()} is", len(result))

2025-11-29 12:44:47,007:WARNING:c:\Users\juana\AppData\Local\Programs\Python\Python310\lib\site-packages\sklearn\metrics\_classification.py:1509: UndefinedMetricWarning: Precision is ill-defined and being set to 0.0 due to no predicted samples. Use `zero_division` parameter to control this behavior.
  _warn_prf(average, modifier, f"{metric.capitalize()} is", len(result))

2025-11-29 12:44:47,203:WARNING:c:\Users\juana\AppData\Local\Programs\Python\Python310\lib\site-packages\sklearn\metrics\_classification.py:1509: UndefinedMetricWarning: Precision is ill-defined and being set to 0.0 due to no predicted samples. Use `zero_division` parameter to control this behavior.
  _warn_prf(average, modifier, f"{metric.capitalize()} is", len(result))

2025-11-29 12:44:47,377:WARNING:c:\Users\juana\AppData\Local\Programs\Python\Python310\lib\site-packages\sklearn\metrics\_classification.py:1509: UndefinedMetricWarning: Precision is ill-defined and being set to 0.0 due to no predicted samples. Use `zero_division` parameter to control this behavior.
  _warn_prf(average, modifier, f"{metric.capitalize()} is", len(result))

2025-11-29 12:44:47,564:WARNING:c:\Users\juana\AppData\Local\Programs\Python\Python310\lib\site-packages\sklearn\metrics\_classification.py:1509: UndefinedMetricWarning: Precision is ill-defined and being set to 0.0 due to no predicted samples. Use `zero_division` parameter to control this behavior.
  _warn_prf(average, modifier, f"{metric.capitalize()} is", len(result))

2025-11-29 12:44:47,647:WARNING:c:\Users\juana\AppData\Local\Programs\Python\Python310\lib\site-packages\sklearn\metrics\_classification.py:1509: UndefinedMetricWarning: Precision is ill-defined and being set to 0.0 due to no predicted samples. Use `zero_division` parameter to control this behavior.
  _warn_prf(average, modifier, f"{metric.capitalize()} is", len(result))

2025-11-29 12:44:47,668:INFO:Calculating mean and std
2025-11-29 12:44:47,670:INFO:Creating metrics dataframe
2025-11-29 12:44:47,678:INFO:Uploading results into container
2025-11-29 12:44:47,678:INFO:Uploading model into container now
2025-11-29 12:44:47,682:INFO:_master_model_container: 14
2025-11-29 12:44:47,682:INFO:_display_container: 2
2025-11-29 12:44:47,682:INFO:DummyClassifier(constant=None, random_state=7148, strategy='prior')
2025-11-29 12:44:47,682:INFO:create_model() successfully completed......................................
2025-11-29 12:44:48,055:INFO:SubProcess create_model() end ==================================
2025-11-29 12:44:48,055:INFO:Creating metrics dataframe
2025-11-29 12:44:48,096:INFO:Initializing create_model()
2025-11-29 12:44:48,098:INFO:create_model(self=<pycaret.classification.oop.ClassificationExperiment object at 0x00000259980B4340>, estimator=LGBMClassifier(boosting_type='gbdt', class_weight=None, colsample_bytree=1.0,
               importance_type='split', learning_rate=0.1, max_depth=-1,
               min_child_samples=20, min_child_weight=0.001, min_split_gain=0.0,
               n_estimators=100, n_jobs=-1, num_leaves=31, objective=None,
               random_state=7148, reg_alpha=0.0, reg_lambda=0.0, subsample=1.0,
               subsample_for_bin=200000, subsample_freq=0), fold=StratifiedKFold(n_splits=10, random_state=None, shuffle=False), round=4, cross_validation=False, predict=False, fit_kwargs={}, groups=None, refit=True, probability_threshold=None, experiment_custom_tags=None, verbose=False, system=False, add_to_model_list=True, metrics=None, display=None, model_only=True, return_train_score=False, error_score=0.0, kwargs={})
2025-11-29 12:44:48,098:INFO:Checking exceptions
2025-11-29 12:44:48,109:INFO:Importing libraries
2025-11-29 12:44:48,109:INFO:Copying training dataset
2025-11-29 12:44:48,446:INFO:Defining folds
2025-11-29 12:44:48,446:INFO:Declaring metric variables
2025-11-29 12:44:48,446:INFO:Importing untrained model
2025-11-29 12:44:48,446:INFO:Declaring custom model
2025-11-29 12:44:48,447:INFO:Light Gradient Boosting Machine Imported successfully
2025-11-29 12:44:48,447:INFO:Cross validation set to False
2025-11-29 12:44:48,447:INFO:Fitting Model
2025-11-29 12:44:48,968:INFO:[LightGBM] [Info] Number of positive: 17746, number of negative: 61438
2025-11-29 12:44:49,006:INFO:[LightGBM] [Info] Auto-choosing row-wise multi-threading, the overhead of testing was 0.014494 seconds.
2025-11-29 12:44:49,006:INFO:You can set `force_row_wise=true` to remove the overhead.
2025-11-29 12:44:49,008:INFO:And if memory is not enough, you can set `force_col_wise=true`.
2025-11-29 12:44:49,008:INFO:[LightGBM] [Info] Total Bins 2987
2025-11-29 12:44:49,008:INFO:[LightGBM] [Info] Number of data points in the train set: 79184, number of used features: 63
2025-11-29 12:44:49,011:INFO:[LightGBM] [Info] [binary:BoostFromScore]: pavg=0.224111 -> initscore=-1.241868
2025-11-29 12:44:49,011:INFO:[LightGBM] [Info] Start training from score -1.241868
2025-11-29 12:44:50,421:INFO:LGBMClassifier(boosting_type='gbdt', class_weight=None, colsample_bytree=1.0,
               importance_type='split', learning_rate=0.1, max_depth=-1,
               min_child_samples=20, min_child_weight=0.001, min_split_gain=0.0,
               n_estimators=100, n_jobs=-1, num_leaves=31, objective=None,
               random_state=7148, reg_alpha=0.0, reg_lambda=0.0, subsample=1.0,
               subsample_for_bin=200000, subsample_freq=0)
2025-11-29 12:44:50,421:INFO:create_model() successfully completed......................................
2025-11-29 12:44:50,821:INFO:_master_model_container: 14
2025-11-29 12:44:50,821:INFO:_display_container: 2
2025-11-29 12:44:50,823:INFO:LGBMClassifier(boosting_type='gbdt', class_weight=None, colsample_bytree=1.0,
               importance_type='split', learning_rate=0.1, max_depth=-1,
               min_child_samples=20, min_child_weight=0.001, min_split_gain=0.0,
               n_estimators=100, n_jobs=-1, num_leaves=31, objective=None,
               random_state=7148, reg_alpha=0.0, reg_lambda=0.0, subsample=1.0,
               subsample_for_bin=200000, subsample_freq=0)
2025-11-29 12:44:50,823:INFO:compare_models() successfully completed......................................
2025-11-29 12:44:50,958:INFO:Initializing predict_model()
2025-11-29 12:44:50,958:INFO:predict_model(self=<pycaret.classification.oop.ClassificationExperiment object at 0x00000259980B4340>, estimator=LGBMClassifier(boosting_type='gbdt', class_weight=None, colsample_bytree=1.0,
               importance_type='split', learning_rate=0.1, max_depth=-1,
               min_child_samples=20, min_child_weight=0.001, min_split_gain=0.0,
               n_estimators=100, n_jobs=-1, num_leaves=31, objective=None,
               random_state=7148, reg_alpha=0.0, reg_lambda=0.0, subsample=1.0,
               subsample_for_bin=200000, subsample_freq=0), probability_threshold=None, encoded_labels=False, raw_score=False, round=4, verbose=True, ml_usecase=None, preprocess=True, encode_labels=<function _SupervisedExperiment.predict_model.<locals>.encode_labels at 0x0000025981FF8280>)
2025-11-29 12:44:50,958:INFO:Checking exceptions
2025-11-29 12:44:50,958:INFO:Preloading libraries
2025-11-29 12:44:50,963:INFO:Set up data.
2025-11-29 12:44:51,088:INFO:Set up index.
2025-11-29 12:44:52,102:INFO:Initializing evaluate_model()
2025-11-29 12:44:52,102:INFO:evaluate_model(self=<pycaret.classification.oop.ClassificationExperiment object at 0x00000259980B4340>, estimator=LGBMClassifier(boosting_type='gbdt', class_weight=None, colsample_bytree=1.0,
               importance_type='split', learning_rate=0.1, max_depth=-1,
               min_child_samples=20, min_child_weight=0.001, min_split_gain=0.0,
               n_estimators=100, n_jobs=-1, num_leaves=31, objective=None,
               random_state=7148, reg_alpha=0.0, reg_lambda=0.0, subsample=1.0,
               subsample_for_bin=200000, subsample_freq=0), fold=None, fit_kwargs=None, plot_kwargs=None, feature_name=None, groups=None)
2025-11-29 12:44:52,269:INFO:Initializing plot_model()
2025-11-29 12:44:52,269:INFO:plot_model(plot=pipeline, fold=StratifiedKFold(n_splits=10, random_state=None, shuffle=False), verbose=False, display=None, display_format=None, estimator=LGBMClassifier(boosting_type='gbdt', class_weight=None, colsample_bytree=1.0,
               importance_type='split', learning_rate=0.1, max_depth=-1,
               min_child_samples=20, min_child_weight=0.001, min_split_gain=0.0,
               n_estimators=100, n_jobs=-1, num_leaves=31, objective=None,
               random_state=7148, reg_alpha=0.0, reg_lambda=0.0, subsample=1.0,
               subsample_for_bin=200000, subsample_freq=0), feature_name=None, fit_kwargs={}, groups=None, label=False, plot_kwargs=None, save=False, scale=1, self=<pycaret.classification.oop.ClassificationExperiment object at 0x00000259980B4340>, system=True)
2025-11-29 12:44:52,269:INFO:Checking exceptions
2025-11-29 12:44:52,382:INFO:Preloading libraries
2025-11-29 12:44:52,393:INFO:Copying training dataset
2025-11-29 12:44:52,393:INFO:Plot type: pipeline
2025-11-29 12:44:52,712:INFO:Visual Rendered Successfully
2025-11-29 12:44:53,119:INFO:plot_model() successfully completed......................................
2025-11-29 12:49:19,665:WARNING:
'cuml' is a soft dependency and not included in the pycaret installation. Please run: `pip install cuml` to install.
2025-11-29 12:49:19,667:WARNING:
'cuml' is a soft dependency and not included in the pycaret installation. Please run: `pip install cuml` to install.
2025-11-29 12:49:19,667:WARNING:
'cuml' is a soft dependency and not included in the pycaret installation. Please run: `pip install cuml` to install.
2025-11-29 12:49:19,667:WARNING:
'cuml' is a soft dependency and not included in the pycaret installation. Please run: `pip install cuml` to install.
